node:events:497
      throw er; // Unhandled 'error' event
      ^

Error: spawn C:\Program Files\Google\Chrome\Application\chrome.exe ENOENT
    at ChildProcess._handle.onexit (node:internal/child_process:285:19)
    at onErrorNT (node:internal/child_process:483:16)
    at process.processTicksAndRejections (node:internal/process/task_queues:89:21)
Emitted 'error' event on ChildProcess instance at:
    at ChildProcess._handle.onexit (node:internal/child_process:291:12)
    at onErrorNT (node:internal/child_process:483:16)
    at process.processTicksAndRejections (node:internal/process/task_queues:89:21) {
  errno: -2,
  code: 'ENOENT',
  syscall: 'spawn C:\\Program Files\\Google\\Chrome\\Application\\chrome.exe',
  path: 'C:\\Program Files\\Google\\Chrome\\Application\\chrome.exe',
  spawnargs: [
    '--headless=new',
    '--disable-gpu',
    '--no-first-run',
    '--no-default-browser-check',
    '--autoplay-policy=no-user-gesture-required',
    '--remote-debugging-port=9224',
    '--window-size=1100,1100',
    '--user-data-dir=/home/user/APEX-CHAOS/.arsenal-chrome-profile',
    'http://127.0.0.1:5173'
  ]
}

Node.js v22.22.3
